<em>a</em>b<strong>c</strong><sub>d</sub>e<s>f</s>g