 <em>a<strong>b<sub>c<s>d</s></sub></strong>k<sub>l</sub></em>